{
  "findings.md": [
    {
      "Action": {
        "Name": "edit",
        "Params": [
          "truncate",
          " "
        ]
      },
      "Span": [
        6,
        10
      ],
      "Check": "Vale.Repetition",
      "Description": "",
      "Link": "",
      "Message": "'is' is repeated!",
      "Severity": "error",
      "Match": "is is",
      "Line": 1
    },
    {
      "Action": {
        "Name": "suggest",
        "Params": [
          "spellings"
        ]
      },
      "Span": [
        14,
        21
      ],
      "Check": "Vale.Spelling",
      "Description": "",
      "Link": "",
      "Message": "Did you really mean 'mispeled'?",
      "Severity": "error",
      "Match": "mispeled",
      "Line": 1
    }
  ]
}
