{
  "basedir": "/work/protolint",
  "lints": [
    {
      "filename": "findings.proto",
      "line": 6,
      "column": 3,
      "message": "Field name \"Text\" must be underscore_separated_names like \"text\"",
      "rule": "FIELD_NAMES_LOWER_SNAKE_CASE",
      "severity": "error"
    },
    {
      "filename": "findings.proto",
      "line": 5,
      "column": 1,
      "message": "Message name \"greeting\" must be UpperCamelCase like \"Greeting\"",
      "rule": "MESSAGE_NAMES_UPPER_CAMEL_CASE",
      "severity": "error"
    }
  ]
}
